// Jest Snapshot v1, https://goo.gl/fbAQLP

exports[`Search Icon Renders search icon 1`] = `<Memo(ForwardRef(SearchIcon)) />`;
