// Jest Snapshot v1, https://goo.gl/fbAQLP

exports[`Search Input Renders search input 1`] = `
<ForwardRef(TextField)
  InputProps={
    Object {
      "startAdornment": <ForwardRef(InputAdornment)
        position="start"
      />,
    }
  }
/>
`;
